2026-03-30 20:48:16 [    INFO] src.persona_engine: PersonaEngine initialized with philosopher persona
2026-03-30 20:48:16 [    INFO] src.persona_engine: PersonaEngine initialized with poet persona
2026-03-30 20:48:16 [    INFO] src.persona_engine: PersonaEngine initialized with scientist persona
2026-03-30 20:48:16 [    INFO] src.persona_engine: PersonaEngine initialized with philosopher persona
2026-03-30 20:48:16 [    INFO] src.persona_engine: PersonaEngine initialized with poet persona
2026-03-30 20:48:16 [    INFO] src.persona_engine: PersonaEngine initialized with scientist persona
2026-03-30 20:48:16 [    INFO] src.persona_engine: PersonaEngine initialized with minimalist persona
2026-03-30 20:48:16 [    INFO] src.persona_engine: PersonaEngine initialized with philosopher persona
2026-03-30 20:48:16 [    INFO] src.persona_engine: PersonaEngine initialized with poet persona
2026-03-30 20:48:16 [    INFO] src.persona_engine: PersonaEngine initialized with scientist persona
2026-03-30 20:48:16 [    INFO] src.persona_engine: PersonaEngine initialized with minimalist persona
2026-03-30 20:48:16 [    INFO] src.persona_engine: PersonaEngine initialized with philosopher persona
2026-03-30 20:48:16 [    INFO] src.persona_engine: PersonaEngine initialized with poet persona
2026-03-30 20:48:16 [    INFO] src.persona_engine: PersonaEngine initialized with minimalist persona
2026-03-30 20:48:16 [    INFO] src.persona_engine: PersonaEngine initialized with philosopher persona
2026-03-30 20:48:16 [    INFO] src.persona_engine: PersonaEngine initialized with philosopher persona
2026-03-30 20:48:16 [    INFO] src.persona_engine: PersonaEngine initialized with philosopher persona
2026-03-30 20:48:16 [    INFO] src.persona_engine: PersonaEngine initialized with philosopher persona
2026-03-30 20:48:16 [    INFO] src.persona_engine: PersonaEngine initialized with philosopher persona
2026-03-30 20:48:16 [    INFO] src.persona_engine: PersonaEngine initialized with philosopher persona
2026-03-30 20:48:16 [    INFO] src.persona_engine: PersonaEngine initialized with philosopher persona
2026-03-30 20:48:16 [    INFO] src.persona_engine: PersonaEngine initialized with philosopher persona
2026-03-30 20:48:16 [    INFO] src.persona_engine: PersonaEngine initialized with philosopher persona
2026-03-30 20:48:16 [    INFO] src.persona_engine: PersonaEngine initialized with philosopher persona
2026-03-30 20:48:16 [    INFO] src.persona_engine: PersonaEngine initialized with poet persona
2026-03-30 20:48:16 [    INFO] src.persona_engine: PersonaEngine initialized with scientist persona
2026-03-30 20:48:16 [    INFO] src.persona_engine: PersonaEngine initialized with philosopher persona
2026-03-30 20:48:16 [    INFO] src.persona_engine: PersonaEngine initialized with philosopher persona
2026-03-30 20:48:16 [    INFO] src.persona_engine: PersonaEngine initialized with philosopher persona
2026-03-30 20:48:16 [    INFO] src.persona_engine: PersonaEngine initialized with philosopher persona
2026-03-30 20:48:16 [    INFO] src.persona_engine: PersonaEngine initialized with philosopher persona
2026-03-30 20:48:16 [    INFO] src.persona_engine: PersonaEngine initialized with philosopher persona
2026-03-30 20:48:16 [    INFO] src.persona_engine: PersonaEngine initialized with philosopher persona
2026-03-30 20:48:16 [    INFO] src.persona_engine: PersonaEngine initialized with philosopher persona
2026-03-30 20:48:16 [    INFO] src.persona_engine: PersonaEngine initialized with philosopher persona
2026-03-30 20:48:16 [    INFO] src.persona_engine: PersonaEngine initialized with philosopher persona
2026-03-30 20:48:16 [    INFO] src.persona_engine: PersonaEngine initialized with philosopher persona
2026-03-30 20:48:16 [    INFO] src.persona_engine: PersonaEngine initialized with poet persona
2026-03-30 20:48:16 [    INFO] src.persona_engine: PersonaEngine initialized with scientist persona
2026-03-30 20:48:16 [    INFO] src.persona_engine: PersonaEngine initialized with minimalist persona
2026-03-30 20:48:16 [    INFO] src.persona_engine: PersonaEngine initialized with philosopher persona
2026-03-30 20:48:16 [    INFO] src.persona_engine: PersonaEngine initialized with philosopher persona
2026-03-30 20:48:16 [    INFO] src.persona_engine: PersonaEngine initialized with philosopher persona
2026-03-30 20:48:16 [    INFO] src.persona_engine: PersonaEngine initialized with philosopher persona
2026-03-30 20:48:16 [    INFO] src.persona_engine: PersonaEngine initialized with philosopher persona
2026-03-30 20:48:16 [    INFO] src.persona_engine: PersonaEngine initialized with philosopher persona
2026-03-30 20:48:16 [    INFO] src.persona_engine: PersonaEngine initialized with philosopher persona
2026-03-30 20:48:16 [    INFO] src.persona_engine: PersonaEngine initialized with philosopher persona
2026-03-30 20:48:16 [    INFO] src.persona_engine: PersonaEngine initialized with philosopher persona
2026-03-30 20:48:16 [    INFO] src.persona_engine: PersonaEngine initialized with philosopher persona
2026-03-30 20:48:17 [    INFO] src.persona_engine: PersonaEngine initialized with philosopher persona
2026-03-30 20:48:17 [    INFO] src.persona_engine: PersonaEngine initialized with philosopher persona
2026-03-30 20:48:17 [    INFO] src.persona_engine: PersonaEngine initialized with philosopher persona
2026-03-30 20:48:17 [    INFO] src.persona_engine: PersonaEngine initialized with philosopher persona
2026-03-30 20:48:17 [    INFO] src.persona_engine: PersonaEngine initialized with philosopher persona
2026-03-30 20:48:17 [    INFO] src.persona_engine: PersonaEngine initialized with philosopher persona
2026-03-30 20:48:17 [    INFO] src.persona_engine: PersonaEngine initialized with philosopher persona
2026-03-30 20:48:17 [    INFO] src.persona_engine: PersonaEngine initialized with philosopher persona
2026-03-30 20:48:17 [    INFO] src.persona_engine: PersonaEngine initialized with philosopher persona
2026-03-30 20:48:17 [    INFO] src.persona_engine: PersonaEngine initialized with philosopher persona
2026-03-30 20:48:17 [    INFO] src.persona_engine: PersonaEngine initialized with philosopher persona
2026-03-30 20:48:17 [    INFO] src.persona_engine: PersonaEngine initialized with poet persona
2026-03-30 20:48:17 [    INFO] src.persona_engine: PersonaEngine initialized with scientist persona
2026-03-30 20:48:17 [    INFO] src.persona_engine: PersonaEngine initialized with minimalist persona
2026-03-30 20:48:17 [    INFO] src.persona_engine: PersonaEngine initialized with philosopher persona
2026-03-30 20:48:17 [    INFO] src.persona_engine: PersonaEngine initialized with poet persona
2026-03-30 20:48:17 [    INFO] src.persona_engine: PersonaEngine initialized with philosopher persona
2026-03-30 20:48:17 [    INFO] src.persona_engine: PersonaEngine initialized with philosopher persona
2026-03-30 20:48:17 [ WARNING] src.theme_manager: Unknown weather condition 'unknown_condition_xyz', using 'moderate' theme
2026-03-30 20:48:17 [    INFO] src.weather_api: WeatherAPI initialized for 40.7128,-74.0060 (imperial)
2026-03-30 20:48:17 [   ERROR] src.weather_api: Error parsing API response: 'current'
2026-03-30 20:48:17 [    INFO] src.weather_api: WeatherAPI initialized for 40.7128,-74.0060 (imperial)
2026-03-30 20:48:17 [   ERROR] src.weather_api: Error parsing API response: 'current'
2026-03-30 20:48:17 [    INFO] src.weather_api: WeatherAPI initialized for 40.7128,-74.0060 (imperial)
2026-03-30 20:48:17 [   ERROR] src.weather_api: Error parsing API response: 'current'
2026-03-30 20:48:17 [    INFO] src.weather_api: WeatherAPI initialized for 40.7128,-74.0060 (imperial)
2026-03-30 20:48:17 [   ERROR] src.weather_api: Error parsing API response: 'current'
2026-03-30 20:48:17 [    INFO] src.weather_api: WeatherAPI initialized for 40.7128,-74.0060 (imperial)
2026-03-30 20:48:17 [   ERROR] src.weather_api: Error parsing API response: 'current'
2026-03-30 20:48:17 [    INFO] src.weather_api: WeatherAPI initialized for 40.7128,-74.0060 (imperial)
2026-03-30 20:48:17 [   DEBUG] src.weather_api: Calling One Call API: lat=40.7128, lon=-74.006
2026-03-30 20:48:17 [   ERROR] src.weather_api: Connection error: Network error
2026-03-30 20:48:17 [    INFO] src.weather_api: WeatherAPI initialized for 40.7128,-74.0060 (imperial)
2026-03-30 20:48:17 [   DEBUG] src.weather_api: Calling One Call API: lat=40.7128, lon=-74.006
2026-03-30 20:48:17 [   ERROR] src.weather_api: API request timeout
2026-03-30 20:48:17 [    INFO] src.weather_api: WeatherAPI initialized for 40.7128,-74.0060 (imperial)
2026-03-30 20:48:17 [   DEBUG] src.weather_api: Calling One Call API: lat=40.7128, lon=-74.006
2026-03-30 20:48:17 [   ERROR] src.weather_api: HTTP error: 401 Unauthorized
